サイト
コメント
リンク
トップ
ホテル
ポイント
ネット
イベント
システム
クリック
マンション
バック
チェック
テレビ
トラック
アクセス
セット
エリア
ログイン
デザイン
ファン
ランキング
スタッフ
アップ
タイプ
レベル
プラン
ガイド
ショップ
ビジネス
サイズ
パソコン
プレゼント
アニメ
キャラ
ソフト
レストラン
ドラマ
ボタン
ゲスト
タイトル
カメラ
グルメ
クラブ
モデル
カテゴリ
ライブ
ファイル
バイト
スポット
ジャンル
ペット
メイン
ブック
アルバイト
ダイエット
バイク
コンテンツ
ゴルフ
クラス
オリジナル
プログラム
スタイル
トイレ
ホント
オススメ
アイテム
ブランド
ビデオ
ライン
バランス
テスト
クリニック
アルバム
ショッピング
メディア
ワイン
ベスト
プロジェクト
デジタル
グッズ
オンライン
レシピ
ラジオ
ガラス
ヘルプ
レンタル
カフェ
エンジン
コンビニ
ハウス
トラブル
チャンス
チケット
イラスト
ファッション
バンド
ヒット
カット
タイム
ライフ
ランチ
リスク
ロック
ピアノ
クリスマス
アドバイス
コスト
アドレス
ボランティア
ストレス
ジャンプ
クリア
マガジン
コミュニティ
マスコミ
スキル
テキスト
プラス
モバイル
チラシ
タイミング
ライト
ドライブ
ベッド
コラム
オフィス
シンプル
キッチン
マンガ
タウン
パック
サイド
ギフト
キレイ
ランク
ピンク
インテリア
プラント
ブロック
サロン
レッスン
キャリア
アイドル
キャンセル
リング
バッグ
ダンス
オプション
セキュリティ
トマト
コミック
センチ
サイン
ショック
カップ
リサイクル
チャレンジ
メリット
マイナス
トンネル
サンプル
ビックリ
カタログ
シングル
ボックス
オイル
タレント
マニュアル
ブラック
イオン
チョコ
ポスト
スタジオ
ロボット
カラオケ
スペシャル
サラダ
タイヤ
マウス
テニス
フォト
コレクション
レンズ
スキップ
メイド
オレンジ
アウト
ラスト
ビタミン
ダウン
ソフトウェア
リズム
ヒント
プリント
マシン
プレス
ユニット
パネル
エステ
オリンピック
ウイルス
タバコ
センス
タオル
アクション
イエス
ステップ
メンテナンス
ノウハウ
ボディ
シナリオ
パンツ
フロント
パチンコ
ヘッド
ガイドライン
ポケット
マッチ
カッコ
ホルモン
ホワイト
プロセス
チャンネル
アイデア
テンション
クラシック
ダブル
フィルム
クロス
リクエスト
カップル
ランド
セリフ
ドラゴン
エアコン
フェア
アイス
メガネ
クルマ
スイッチ
アレンジ
パスタ
トラベル
メイク
コンセプト
クイズ
ドリンク
アウトドア
ドキドキ
キャスト
デッキ
ピッタリ
キャンパス
マスク
ラップ
マラソン
ミルク
スタンド
ドレス
クリップ
ハンドル
テント
テクニック
ドット
ジャズ
バトル
リアルタイム
ヒロイン
ロング
ニコニコ
コンテスト
デスク
プラザ
フィギュア
シンポジウム
アンテナ
グラス
グランド
ジャケット
バイオ
レンジ
コンビ
レッド
タンク
ベルト
トピック
キット
リラックス
ガソリン
チャット
シャツ
アカウント
リビング
ウィンドウ
ポジション
オヤジ
ステキ
メモリ
フライ
ディスク
マニア
ライセンス
バックアップ
グラフ
ミサイル
アマゾン
コンパクト
マルチ
ベンチ
サウンド
マネジメント
マット
ダイビング
ナイト
ショット
シティ
スッキリ
ライバル
プラスチック
アルミ
アンチ
バブル
マイク
ミネラル
パンフレット
チップ
シフト
サクラ
ピックアップ
オタク
ホット
インパクト
キャッシュ
ギリギリ
バナナ
プロレス
ランプ
エッセイ
キャベツ
ハンド
ビッグ
ワクワク
プレミアム
プリン
ギャグ
スコア
ナイフ
パイプ
マジック
シェア
イマイチ
ワクチン
インデックス
セッション
オシャレ
リボン
ランダム
プラグ
オペラ
ストップ
ソング
パンチ
ストア
レモン
エンジニア
アナログ
ディスプレイ
イライラ
ペンション
トピックス
ビジョン
モダン
エキス
コイン
ベテラン
ドメイン
キャッチ
ナチュラル
キムチ
ファンド
フロア
バンク
コマンド
セカンド
テラス
ラウンド
ミッション
シェフ
サイクル
スタジアム
ダイヤ
ポンプ
ジュニア
ベランダ
チキン
ジェット
ドライ
マイクロ
バイキング
ホスト
キャップ
トレンド
ハイキング
ダイニング
キック
ボトル
リンゴ
フラッシュ
ドラム
トライ
カッコイイ
ウェア
チャンピオン
マグロ
シンボル
リハビリ
メロン
ハッキリ
ジャム
ジャック
ロケット
スタンプ
イルカ
スキン
クエスト
マイル
セレクト
オイラ
スカイ
カウント
キラキラ
ラッシュ
エンディング
ストック
テンポ
カルシウム
レイアウト
インチ
クレジット
リフト
カエル
ナイス
パッド
プライド
タイル
ウェイ
ズボン
カタカナ
イレブン
チョット
ツイン
ドラッグ
イチゴ
イタリアン
ライヴ
ロマン
ステンレス
パノラマ
バレエ
カメラマン
ヘルスケア
ウィルス
ダイヤモンド
フレンチ
ワイド
パイロット
リセット
リフレッシュ
キノコ
バトン
ダッシュ
ノイズ
ラインナップ
メカニズム
カンタン
ウサギ
ポップ
ガイドブック
ペットボトル
ビット
スパイ
インフラ
フィット
ブライダル
デバイス
シニア
フラット
スクリプト
ヤクザ
リットル
ボルト
グラウンド
コンタクト
ガンガン
マクロ
インク
ピンチ
バラバラ
フォン
バイパス
カラス
エントリ
インライン
フォント
ネズミ
トランス
ドロップ
パンダ
フェイス
ギャップ
ミックス
バッチリ
ハガキ
オブジェクト
メタル
パニック
ボクシング
ブラシ
バット
ストレッチ
カプセル
クラフト
ブレンド
アクセント
ポット
カジュアル
クッション
エンド
クイック
サミット
アンプ
ピアス
グラビア
ケンカ
フライパン
ボロボロ
カクテル
アタック
ギルド
アマチュア
ブックス
メロディ
スイカ
グラフィック
リストラ
テンプ
セルフ
サウナ
チェックイン
コップ
ウエスト
カリキュラム
キャプテン
アイディア
ピッチ
スタンス
ランニング
スカウト
ブリッジ
チェンジ
カスタマイズ
ボイス
メダル
リンパ
ゲレンデ
グランプリ
スマイル
ホタル
カリスマ
オッサン
ライス
フレッシュ
アダルト
メンズ
ゴメン
アナウンス
ロッド
フライト
アメリカン
パズル
シルク
ベット
コスモス
ラック
パッチ
ワゴン
マニフェスト
アパレル
フック
カルト
カラフル
スロット
ドキュメント
ソファ
カスタム
ダンナ
クリスタル
ニンニク
スパイス
ニキビ
ウルトラ
アトリエ
コンテナ
アップル
プリンタ
アクセル
ファイナル
ハイブリッド
シルエット
スティック
ラウンジ
バリバリ
ネクタイ
プライス
ライトアップ
バスト
スリム
デフォルト
ウエディング
ジャガイモ
デメリット
ウェディング
ドリル
トランク
メトロ
コロッケ
ティッシュ
モラル
ペンギン
リモコン
ネックレス
プラチナ
ヘルメット
スポンジ
ギャル
ゴキブリ
シネマ
パンク
メッシュ
スイング
セッティング
レンガ
ヴァイオリン
フラグ
スナック
フィルタ
プレミア
ドック
スケッチ
ゴロゴロ
ウナギ
ギャンブル
バスケット
カバン
サングラス
インフレ
キャンドル
ブドウ
アナリスト
ミシン
ネック
ピット
クッキング
リップ
バタバタ
グリップ
エプロン
シリコン
ビジュアル
コント
ウインドウ
マニアック
カオス
トリック
トラウマ
テナント
エイズ
アイツ
コンボ
バルブ
デフレ
アンパン
ハズレ
ヤング
ディレクトリ
アシスタント
シャトル
サイクリング
ミドル
キャラメル
ダイジェスト
バスケ
プレゼン
サンダル
スライス
ツツジ
トッピング
エクスプレス
チタン
コンペ
ハンカチ
セクハラ
ダラダラ
サクサク
マインド
ダイレクト
ニュアンス
ポルノ
ロット
グッド
ニヤニヤ
ダイナミック
ロイヤル
ソナタ
ミント
ポテト
トライアル
エッセンス
ファイト
タックル
コメディ
ピアニスト
メソッド
プラズマ
ドレッシング
バケツ
モニタ
アクリル
ダイヤル
トップクラス
サヨナラ
ニット
コントラスト
ドラフト
ノベル
リウマチ
スキャン
アルゴリズム
ショウ
クジラ
ヒップ
ビジネスマン
レタス
パワフル
ヘアサロン
スタミナ
チャイナ
ハイテク
メディカル
フェンス
ゲリラ
ベクトル
テロリスト
オアシス
フレンド
マッチング
アングル
レベルアップ
ワックス
アンサンブル
ペイント
アジサイ
ネガティブ
ヨット
ナトリウム
ヨロシク
コットン
メッキ
シンクロ
ログアウト
サムライ
サンドイッチ
セメント
フィクション
サンゴ
キュウリ
ジャングル
トラップ
モノクロ
パンフ
テクノ
トリオ
ノック
ステロイド
トレッキング
コイル
カラメル
コツコツ
ポジティブ
エッジ
プリンセス
ピラミッド
オウム
スリップ
ウラン
シャフト
スピン
オフィシャル
ポンド
ファンクラブ
レントゲン
ヘルニア
レディ
カルテ
ペダル
シグナル
サントラ
セレクション
シェル
サスペンス
ペンダント
チェア
チック
カツオ
リュウ
パケット
シリアス
インスタント
ズバリ
コンセント
カジノ
アイロン
アルカリ
バニラ
コロコロ
パラダイス
マスコット
グリル
オブジェ
ライブラリ
セクション
スプリング
ホタテ
ストライク
パジャマ
ガラガラ
タッグ
アスファルト
ステレオ
ウロウロ
カボチャ
スタメン
バイオリン
パット
サックス
ハイビジョン
パブリック
ガッカリ
ピント
ワンポイント
スタイリスト
アイアン
ココア
ミカン
ディフェンス
ボウル
プリンス
クラッチ
タスク
マウント
コック
リュック
リトル
セラミック
メバル
ネイティブ
チェロ
ジョギング
イキイキ
スナップ
ジャンク
セント
ナイロン
テクニカル
ニンジン
シック
ペニス
ロマンス
ハングル
パレス
インチキ
トリプル
トウモロコシ
ポリス
ナショナル
リアクション
カッパ
ウエア
シャンパン
プッシュ
エレガント
ジョイント
パレット
キチン
メモリアル
ハプニング
ポリエステル
アスベスト
オムツ
サッシ
パルス
ザック
ハウジング
ラブラブ
ハサミ
クロック
ジンギスカン
ビキニ
ピストン
ピュア
デニム
バンバン
ミラクル
ダイオキシン
スリッパ
リニア
ワンマン
フラン
フォルム
ライブハウス
マント
アルミニウム
モザイク
ワイワイ
オゾン
ファミコン
リアリティ
コトバ
ホコリ
シャン
タマネギ
ファックス
ブレスレット
ソックス
メダカ
シリアル
ヒアリング
スカイライン
レフト
マスメディア
マダム
ラテン
ポップス
バッファ
セントラル
アスパラ
プライム
スパイク
レスポンス
タップ
カップリング
クリスチャン
コンロ
オムライス
ヒラメ
キツネ
カセット
バッティング
ピカピカ
ルックス
タンス
ダントツ
ホップ
ハロウィン
ゴリラ
アジアン
ナット
ファイナンス
ギタリスト
ハイライト
ツバメ
ノルマ
プランニング
ジャイアンツ
エイト
アタマ
バッチ
モデム
メンタル
シフォン
スキャンダル
ドタバタ
アリア
ライフル
ブランク
ハチミツ
ハラハラ
クラッシュ
カレッジ
ドリブル
オンエア
サンマ
ヘアスタイル
パラパラ
モニタリング
ミクロ
ユニオン
エメラルド
パフェ
サラサラ
ボンド
ウレタン
フロンティア
チョウ
カレイ
イノシシ
サツマイモ
ワイルド
オオカミ
サバイバル
コタツ
ログハウス
トランプ
タイツ
メンツ
トリミング
エキサイト
グルグル
イワシ
ラケット
ワルツ
マグネシウム
デッド
スパイラル
フィニッシュ
ガタガタ
ボウリング
エディタ
パロディ
ロビン
ヒノキ
ディス
ロマンチック
ワカメ
ソフトウエア
スワップ
インタレスト
オルガン
カブトムシ
アヒル
ラット
カステラ
ナッツ
チャネル
トレイン
パンパン
ゲノム
シロップ
カリカリ
キッド
ギャラ
タマゴ
リサイタル
フィン
リバウンド
ウイング
エフェクト
フラフラ
ノズル
コスモ
ニヤリ
メリハリ
ロッジ
バックス
サイコロ
ランチタイム
スリル
ポテンシャル
ペンキ
サイレン
エスニック
コショウ
オモチャ
デッサン
キャンディ
ゴンドラ
ブラウス
カノン
デラックス
カリウム
オジサン
ハワイアン
ロジック
ダスト
タンポポ
クランク
プロダクト
グラタン
ミニチュア
マッピング
デュオ
フェルト
チャック
タヌキ
ハンドブック
パイナップル
ブランコ
オフセット
アワビ
セグメント
トランペット
アップダウン
イチョウ
ウキウキ
ペナルティ
タイムス
バイブル
ピクニック
ルック
ハッチ
カルビ
ノリノリ
トレイ
ハンディ
マトモ
アダプタ
サボテン
マロン
インスリン
インディアン
ガマン
ビデオカメラ
マグネット
バッジ
ピック
ガッツ
プログラマ
ジャッジ
クワガタ
ポカポカ
ガイダンス
ショコラ
オバサン
アクシデント
イタズラ
ゼネコン
リスニング
プロトコル
スタイリング
イロイロ
ダブルス
ススキ
ヘッドホン
バレル
スペクトル
ミミズ
トロッコ
ワンタッチ
ウワサ
パイン
シンク
ライム
スパン
シロアリ
ヤマメ
デルタ
チャペル
タンゴ
バドミントン
スズメ
アサリ
ブラインド
プロット
レッテル
ミツバチ
エステル
ドロドロ
マウンド
セットアップ
ハット
ランドセル
ワイヤレス
レトルト
エレキ
ミイラ
プラモデル
ピエロ
シビア
イワナ
パセリ
ナイン
バント
サンプリング
リチウム
サテライト
オクラ
マスト
スタブ
コストダウン
カウンタ
レスリング
エロス
キルト
ガリガリ
ラッセル
テロップ
スペル
チャイム
アドリブ
ボトム
コロン
コンデンサ
アイドリング
マドンナ
スクラップ
チンピラ
ソメイヨシノ
クラゲ
タケノコ
ハンデ
ジャスミン
トカゲ
ブツブツ
ストッキング
リタイア
ウコン
ポインタ
キャンバス
クリティカル
ニッケル
パラレル
スラム
エキストラ
ニワトリ
ゲルマニウム
フラメンコ
アロエ
マグマ
ストライプ
プロペラ
モデルハウス
リリカル
グリッド
イクラ
マトリックス
ストライキ
スイミング
レンゲ
トラスト
メルヘン
カツラ
エッグ
ダイス
ハッスル
チラッ
ゴシック
トレイル
ナンセンス
マダイ
カヤック
スリット
バッタ
クライミング
パステル
ヘッドライト
タイト
ケヤキ
ウエイト
インコ
バッシング
カンナ
コミカル
オムレツ
モニュメント
バロック
ヘッダ
ウェット
ギュッ
ジレンマ
ブラブラ
コアラ
ハイツ
エイリアン
ケチャップ
ギャング
カブト
スタディ
ホステス
ブランチ
ルネサンス
シナモン
クルクル
ショウガ
チルドレン
ウクレレ
ハイレベル
ラッパ
サザエ
アメニティ
アセスメント
ジャンケン
セダン
ボチボチ
キャラバン
フレア
マッハ
フワフワ
セロリ
ポンポン
サドル
ポツポツ
クロム
ソケット
スピリット
バイバイ
スミレ
ロスト
ボンネット
イニシャル
ポップアップ
ザリガニ
ピッチング
ネオン
タップリ
サタン
フライング
サンバ
ツルツル
リネン
サブタイトル
メビウス
スパゲティ
サファリ
エンジョイ
ココナッツ
ソニック
オメガ
マイコン
タブレット
オムニバス
スランプ
シャイ
スタック
コンパニオン
ボイル
キリシタン
ダクト
モデリング
オリエンタル
ナプキン
テレカ
アンモニア
フリル
コウモリ
プロセッサ
ポツリ
プラモ
キャラクタ
コルク
ニコチン
パルプ
カンパ
アンバランス
ステッチ
メダリスト
スタンバイ
デュアル
トホホ
ミニバン
インプット
ソプラノ
ピクセル
ウミガメ
マウンテン
リムジン
ガスコンロ
ブラッシング
フェロモン
センタ
ドリフト
バロン
スクランブル
マスタ
チェス
クラリネット
ベアリング
ダビング
コンパス
マットレス
モノマネ
カタクリ
フラッグ
イニング
クラック
スキャナ
マンモス
シャボン
インテリ
グラブ
キウイ
モルタル
バッテリ
ハンサム
アイゼン
ノエル
ヒマワリ
ゲストハウス
リベラル
カフェイン
ワッフル
ボンボン
ランタン
アザラシ
セラミックス
フクロウ
トランジスタ
タンパク
ツバキ
リンチ
プロテイン
ファイア
ワカサギ
コンパ
コンテ
シングルス
キッス
デュエット
リストアップ
インキ
ホンモノ
ハイウェイ
ピストル
オッズ
エンブレム
アツアツ
ダンプ
ファイブ
ルネッサンス
ダンゴ
ミセス
メロメロ
オッパイ
イタチ
ダルマ
マスカラ
キックオフ
ケミカル
ゼラチン
エッチング
オシッコ
サリン
ステアリング
エナメル
ポエム
コンスタント
ラムネ
エディション
ベタベタ
ケット
キャンピング
カモメ
ビスケット
ハロゲン
オフライン
ディスコ
プンプン
スパゲッティ
バクテリア
コレクト
メジロ
エデン
ホイホイ
パシフィック
アリバイ
ハイハイ
クロウ
ブティック
スルメ
スケルトン
スワン
ゴボウ
トナカイ
スリリング
ワサビ
ホルン
コバルト
メンマ
アルペン
ロウソク
サファイア
ウインド
プランクトン
チャリティ
ショッキング
ヒョウ
バカンス
キラリ
カワハギ
ピンポン
エスプレッソ
ニッコリ
メンバ
プロパガンダ
スコップ
ドラマチック
パンティ
ハング
ダジャレ
バイアス
シンポ
パイプライン
グリス
カラクリ
バルク
エレメント
サプライ
レゲエ
アジト
ゴッド
スパッツ
チラホラ
アスパラガス
スイスイ
シェイプ
ドライブイン
モヤモヤ
プルトニウム
ペラペラ
モテモテ
パプリカ
コンソメ
ガチガチ
カワセミ
レディス
トンカツ
リゾット
ワイヤ
ミンチ
ブロンズ
エコノミスト
アロハ
アボカド
ハイビスカス
クレヨン
ダイナマイト
サクセス
ワット
クルミ
イサキ
ピリピリ
フェイズ
カカオ
メイル
レジュメ
プリズム
ニッチ
モグラ
カラム
ノット
サイレント
デリバティブ
パイル
スロットル
ボンベ
キャピタル
キリッ
ズルズル
シンクタンク
ウグイス
フレキシブル
タンニン
シイタケ
バウンド
ミリオン
ファシズム
カッティング
ファイバ
キャビネット
コウノトリ
バタフライ
ペリカン
ダチョウ
サクランボ
ハンダ
クロワッサン
ズラリ
レンコン
ワイシャツ
マイクロバス
ビクビク
スペア
ディジタル
ロックバンド
レセプション
エンゼル
ハイク
バンザイ
クラブハウス
センバツ
インカ
ネスト
ラクダ
デバッグ
ダイコン
シジミ
フォア
ポロシャツ
プレハブ
サイクロン
ブンブン
シャンソン
アウトプット
パッション
ルンルン
エホバ
スプリント
アナゴ
カマキリ
ポリエチレン
コンニャク
レジスタ
ビッグバン
コブラ
ウィンド
シャクナゲ
クラシカル
シャム
ドングリ
マネキン