ページ
ブログ
サイト
メール
リンク
トップ
エリア
ボタン
ホテル
データ
リスト
ゲスト
グルメ
カート
ヘルプ
コード
ネット
プラン
テレビ
テーマ
ホーム
ペット
カメラ
ガイド
アップ
ウェブ
ゲーム
バイト
バイク
カード
サイズ
コピー
セット
ツアー
ファン
ユーザ
ソフト
ランク
ビデオ
ホール
ゴルフ
ルート
メイン
コラム
タウン
レシピ
アニメ
チラシ
ニーズ
ワード
コピペ
ドラマ
マーク
コース
ベビー
ヒット
レベル
ケース
ルーム
フォト
マップ
タイプ
ベース
ツール
キレイ
クリア
バナー
トイレ
ストア
サーバ
モデル
コチラ
ゲット
カバー
ルール
スキル
ギフト
ライブ
ビール
ローン
シーン
カット
プレイ
ピアノ
リース
チーム
ホビー
マンガ
モード
ベッド
ウィキ
マネー
パート
ランチ
アジア
コスメ
グッズ
エラー
プラス
ベスト
サロン
エステ
マウス
スパム
ホント
ヘルス
キッズ
カレー
グラフ
テスト
キャラ
ソース
ヒント
カラー
ガラス
マッチ
オール
カフェ
ポスト
セブン
ワイン
テニス
デート
サーチ
クラブ
ケーキ
イエス
カッコ
レンジ
サイン
アレゲ
ラジオ
アプリ
カラダ
パック
シフト
クイズ
スルー
セール
リスク
パーツ
キープ
モール
ドイツ
スコア
ツリー
ナース
コスト
マナー
リード
スキー
タバコ
ススメ
プレー
カキコ
ベータ
リアル
ノート
ピーク
ペース
ハリー
フリー
バック
テント
ライフ
ブーム
フード
バッグ
メトロ
ソナタ
クルマ
アナタ
クラス
ボール
ステキ
バブル
ゴール
スープ
ハワイ
ターン
ローマ
ヘッダ
ドック
ロック
スーツ
スター
ピアス
ネゴト
トーク
バンク
アート
プール
ハート
トマト
エース
ネスト
レター
トライ
タイヤ
オトク
ピンク
ショー
オペラ
シゴト
ホット
リズム
レース
インド
ブック
ラベル
マイク
パワー
ワーク
イラク
ビーチ
プロフ
サクラ
ベンチ
コンビ
ホムペ
リーグ
ギター
シルク
ヒミツ
ネック
タオル
メイク
センス
ココロ
メガネ
フェス
ハウス
ドール
メンテ
バンド
スイス
ピンチ
シェア
パスタ
オバマ
エール
フェア
ミセス
ガール
ロシア
クール
ニュー
コラボ
ドレス
ゴメン
ライン
マイル
タッグ
カナダ
オトコ
キング
タブー
カタチ
バトン
ハガキ
プラザ
マスク
アイヌ
シニア
パンツ
シール
ハーブ
マニア
タッチ
ソート
ベール
コダマ
コンペ
メイド
ワイド
ダウン
ルーツ
セレブ
コイン
グアム
シャレ
ウンチ
コトバ
ユダヤ
オトナ
オヤジ
コミュ
セリフ
ネズミ
プレス
ダイヤ
デスク
タワー
マット
リーダ
ノック
アラブ
シティ
レート
モンク
ブース
ホラー
コープ
シネマ
ズボン
ポーズ
ジャズ
ホクロ
ドコモ
アロマ
ダンス
ゲート
シェフ
ダーツ
リング
ナイフ
チップ
アヒル
キムチ
モダン
シート
フロー
イオン
バター
ラップ
ブルー
パーク
ガード
メタボ
サラダ
ボット
シャツ
ロマン
パーマ
ワキガ
キュー
ズラリ
スロー
ハンパ
ホスト
コート
シンポ
ナイス
ホタル
オーラ
スタブ
サイド
リボン
ウエア
ボディ
マート
マグロ
ソファ
ミサキ
キラー
サプリ
パネル
ピント
キッス
セルフ
サウナ
ウロコ
スゴイ
カバン
キチン
コタツ
パンフ
ニート
イラン
アイス
チーズ
リフト
ロング
ミナミ
ハッチ
ジャム
ニオイ
ピュア
ケンカ
レール
コップ
ニャン
オタク
ガイア
オッズ
ライト
モニタ
ジャケ
パズル
フライ
グレー
ハード
タンゴ
ボート
タンス
グッド
コール
カッパ
カーブ
ベット
ボード
バナナ
ピット
ズーム
デッキ
タイム
トルコ
クロス
アタシ
ヘッジ
エデン
チョコ
ランド
ロット
レンズ
テープ
ポット
グラス
ピック
コーチ
モラル
シグマ
ラスト
バレエ
パンク
チャリ
エキス
テラス
リトル
ブーツ
メロン
オミセ
ロビーコメント
クリック
サービス
ログイン
クチコミ
ユーザー
ニュース
チェック
レビュー
カテゴリ
ポイント
メニュー
ブラウザ
アクセス
ケータイ
ジャンル
イベント
スレッド
スポット
アパート
フォーム
サポート
クーポン
タイトル
イメージ
ビジネス
レンタル
ショップ
スタッフ
パソコン
システム
オススメ
スポーツ
スタート
アドレス
メルマガ
メーカー
レポート
オーナー
モバイル
グループ
スキップ
コンビニ
デザイン
ファイル
メンバー
オープン
センター
トピック
バランス
フィード
テキスト
オフィス
フレーム
イラスト
ラーメン
トラブル
アイテム
デジタル
ジャンプ
アルバム
アメリカ
サッカー
タクシー
セミナー
トラベル
スタイル
ビックリ
リリース
コミック
キッチン
レジャー
サークル
シリーズ
スペース
アメーバ
メリット
カタログ
ダメージ
ピッタリ
ドライブ
メディア
クリップ
ツッコミ
コーナー
クッキー
モチーフ
アピール
アイコン
サンプル
フォルダ
トラック
チケット
ブロガー
ショック
キャリア
シンプル
ブランド
スムーズ
カタカナ
クイック
カンタン
スクール
ドラッグ
チョット
リーダー
テーブル
ドメイン
チャンス
ノウハウ
レッスン
アラート
ポリシー
ブックス
エンジン
シューズ
イキイキ
ニコニコ
スーパー
カラメル
アトピー
ネクスト
コーヒー
マイカー
カラオケ
イレブン
フォロー
フランス
スピード
エントリ
ストレス
ボックス
キャンプ
エアコン
アパレル
パノラマ
ドリンク
デビュー
モットー
ポスター
ブロック
スイーツ
リリカル
アイドル
ポータル
ワクワク
オシゴト
レコード
プリント
モニター
スイッチ
ドクター
オシャレ
スッキリ
アレンジ
コトノハ
イタリア
ポケット
マスコミ
ラッキー
シンボル
マスター
メッシュ
マガジン
スカウト
ドキドキ
シャワー
リゾート
マーカー
チャート
ブラジル
デジカメ
サーバー
イマイチ
アイデア
ピープル
タレント
ボロボロ
ウォッチ
ウィルス
バイヤー
プラチナ
フレーズ
オーダー
ハッキリ
キリスト
マイナビ
マイナス
ノーベル
ランダム
シーズン
パーティ
イライラ
ニッポン
スタジオ
カップル
フレンド
トンネル
バラバラ
オーバー
ジャパン
トータル
フラット
ベトナム
シンクロ
キャディ
ヨロシク
アダルト
プリンタ
レーザー
セレクト
ポッター
ウロウロ
イギリス
カーソル
シングル
カウント
グッピー
ガソリン
ステージ
リロード
トレンド
ブレンド
チェーン
ボコボコ
デザート
パターン
キラキラ
ペディア
ライター
ヘルシー
エッセイ
ペースト
ストップ
マイケル
ソファー
テナント
スペイン
ブラック
ライバル
バタバタ
キャスト
アルプス
パチンコ
ダイヤル
アンテナ
ドロップ
ガッツリ
ブレード
ナンバー
エディタ
スケール
ディープ
スカート
イマドキ
モノクロ
グリーン
チョイス
インフラ
プロセス
ブレーキ
デパート
パチスロ
カーテン
ボーナス
フロント
データー
サイダー
インナー
ゴロゴロ
ビギナー
ミックス
ムービー
ミネラル
ファーム
パニック
プライス
イケメン
アバター
ステーキ
ウイルス
フレンチ
レッテル
サンクス
ゼンリン
スパイス
リセット
ミサイル
スペック
キャッチ
ディップ
ドラゴン
ヤンキー
ヘッダー
プライド
ブランク
バザール
フォント
ソムリエ
メキシコ
リウマチ
バルーン
シャープ
ハッピー
フィット
リサーチ
シナリオ
リスナー
バーゲン
ストック
コマンド
ファンド
アフリカ
ドシドシ
グラビア
フィルム
チャット
ハイフン
デイリー
ビニール
トラウマ
アニマル
カクテル
ハチミツ
ゴキブリ
リストラ
リーマン
シグナル
シロアリ
ユーモア
ロボット
オオカミ
アウター
ユニーク
ポップス
オレンジ
スライド
オッサン
カロリー
ポッコリ
スマート
ギリシャ
スタンプ
ガレージ
ローソン
オランダ
ケアマネ
ワールド
ハイテク
フレンズ
ラッパー
ラクラク
サントラ
シールド
ヒーロー
プリンス
サクサク
スケート
ダーリン
スロープ
ワクチン
アトリエ
ハンドル
ピジョン
ベランダ
ベンダー
マラソン
ステップ
ホルダー
トレード
ホイール
リビング
モノサシ
モヤモヤ
シルバー
ホイホイ
ガッチリ
カーナビ
コショウ
スリッパ
リバブル
クレーム
ベルギー
キャップ
スイスイ
タイガー
チャイム
フルーツ
カリスマ
キャベツ
ローカル
オンエア
オリコン
アラビア
ギリギリ
エジプト
カスタム
ビューア
トリビア
ベタベタ
タレコミ
クリーン
スプーン
パンドラ
エリート
キョトン
レーベル
ガッカリ
ファイト
ジュース
ビビンバ
オムレツ
ネクタイ
ユーズド
サミット
ディスク
ツイート
グーグー
チベット
スペード
スピーチ
サウンド
バッチリ
グルグル
メートル
ニヤニヤ
ギャング
ブラウズ
プリズム
スクープ
フェリー
ビルダー
リコール
エンピツ
コテージ
プンプン
フェーズ
アジアン
パロディ
ピリオド
ロケット
リメイク
スライス
ダラダラ
ペルシャ
シリアル
ドリームマンション
キーワード
ランキング
パスワード
レストラン
アルバイト
メッセージ
コンテンツ
プレゼント
エントリー
リクルート
リフォーム
カテゴリー
アンケート
キャンセル
オンライン
ウォレット
ウィンドウ
アドバイス
ダイエット
バーコード
レビュアー
ライセンス
クリニック
マイリスト
チャレンジ
インテリア
カルチャー
アウトドア
アカウント
プログラム
サムネイル
オプション
デリバリー
カレンダー
プレイヤー
レンタカー
アーカイブ
ファミリー
ヘルスケア
ログアウト
ヘアサロン
プレミアム
サインイン
リクエスト
マッサージ
タイミング
エンジニア
スクロール
オリジナル
コンサート
ブラウザー
エネルギー
リサイクル
アレルギー
マイホーム
コンテスト
クラシック
パーティー
キャッシュ
ターゲット
ペンション
トピックス
ウインドウ
コンセプト
チャンネル
ストーリー
ベンチャー
バラエティ
リラックス
ハイキング
パッケージ
パキスタン
バスケット
ベーシック
レイアウト
フリーター
ジャケット
ツーリング
レーシック
マニュアル
カウンター
クリスマス
フィギュア
ヨーロッパ
アクセント
スパイシー
スポンサー
グローバル
バージョン
ジュエリー
プレビュー
フライパン
トラベラー
スクリプト
クレジット
サポーター
ノミネート
フィールド
パートナー
ステータス
フォーラム
ブライダル
マーケット
ダイビング
ビューティ
パトロール
リサイタル
イタリアン
エピソード
サジェスト
ハムスター
プロバイダ
バルコニー
ボリューム
サーフィン
ワンピース
テクニック
テンション
タイムリー
デザイナー
コンパクト
シャッター
ドライバー
スタジアム
フィルター
グランプリ
トライアル
カーペット
メディカル
レゾナント
インパクト
エスニック
セグメント
アプローチ
キャンパス
アルコール
カルシウム
シャンプー
スペシャル
ワンルーム
ジャーナル
ボクシング
ギャンブル
アナリスト
タイムラグ
ペンネーム
プレーヤー
コンタクト
ランニング
パスポート
ノルウェイ
サイエンス
ミステリー
アナウンス
ストレート
アカデミー
スローガン
バーチャル
タイアップ
モノレール
フットケア
バイキング
ギャラリー
ハプニング
デンマーク
アイディア
ベビーカー
トッピング
ガスタンク
コンクール
ダイレクト
ディーラー
ナレーター
プログラマ
オペレータ
コミックス
ノベルティ
セッション
スクウェア
メカニズム
カスタマー
ストーカー
レディース
モンスター
リスペクト
パイオニア
サプライズ
デフォルト
ラッピング
フラッシュ
パラダイム
ビリヤード
マイリンク
プリペイド
ダイニング
ガスコンロ
インライン
ヘルメット
トレーナー
インターン
エンジョイ
マーケター
クオリティ
チェッカー
ナチュラル
ビッグバン
キャロット
インプット
ラーニング
リポジトリ
フルボッコ
ファックス
テクニカル
ブリーダー
ダンボール
プルダウン
クローズド
ビューワー
ポジション
ビジュアル
エレガント
オムライス
スクラップ
リコメンド
スニーカー
レギュラー
ダンジョン
ステッカー
セクション
ワーキング
レコメンド
デメリット
セパレート
レスポンス
バッテリー
プロポーズ
スティック
ファミレス
スライダー
ナビゲータ
アクションホームページ
トップページ
ダウンロード
プロフィール
ショッピング
ウェブサイト
キャンペーン
ガイドライン
セキュリティ
オークション
プライバシー
コミュニティ
ファッション
コンピュータ
インストール
インタビュー
アーティスト
アットホーム
データベース
アンティーク
リニューアル
リアルタイム
ミュージック
ボランティア
ピックアップ
バックアップ
ネットワーク
ニックネーム
プレイリスト
テンプレート
ソフトウェア
クリーニング
リーズナブル
コントロール
スケジュール
メンテナンス
キャラクター
コレクション
サプリメント
サプライヤー
ビューティー
プロジェクト
ライトアップ
クリエイター
タグクラウド
プロデュース
ケータリング
テーマパーク
マネージャー
カスタマイズ
ワンポイント
ガーデニング
オンビジネス
チェックイン
インデックス
スタイリスト
サラリーマン
ラインナップ
トレーニング
ウエディング
シンポジウム
ウィークリー
バリアフリー
オリンピック
ホームメイト
パンフレット
フィッシング
オーガニック
ネットストア
チャリティー
コンクリート
アクセサリー
エレベーター
クリッピング
ベストセラー
フレグランス
アシスタント
マニフェスト
ギャザリング
オンデマンド
ディレクトリ
ビジネスマン
プライベート
ガイドブック
ディスプレイ
ダイジェスト
セレクション
アーキテクト
ファイナンス
キャッシング
テイクアウト
ナビゲーター
エージェント
トーナメント
マネジメント
リフレッシュ
インスパイア
フィクション
リストアップ
バラエティー
エキスパート
アップデート
ウェディング
ステーション
ウォーキング
ハンドブック
ヴァイオリン
アルゴリズム
ヘアスタイル
モデルルーム
レーティング
エクスプレス
ウェブページ
ヒートマップ
テクノロジー
ユニバーサル
ダイヤモンド
チャンピオン
コーティング
チャーシュー
シャーロック
クローゼット
フローリング
ショールーム
エクササイズ
ハイブリッド
バーベキュー
トップクラス
プラスチック
ユニフォーム
アナウンサー
カートリッジ
スタンダード
ヘリコプター
サンドイッチ
アドバイザー
インディーズ
リーザナブル
セッティング
インドネシア
アーカイブス
ワインセラー
マンツーマン
ブルーベリー
レファレンス
アライアンス
ライブラリー
インスパイヤ
ミーティング
カリキュラム
オーケストラ
ドッグワイン
クライアント
ロケーション
クルージング
ボーカロイド
チョコレート
ベースボール
プロバイダー
コントラスト
ファンクラブ
トレッキング
オフィシャル
デイサービス
エスカレート
ハードウェア
ローディング
アウトレット
プレッシャー
オンパレード
カウンセラー
パワーアップ
ハンバーガー