サイト
ブログ
コメント
リンク
トップ
ホテル
ポイント
ネット
イベント
システム
クリック
マンション
バック
チェック
テレビ
トラック
アクセス
セット
エリア
ログイン
デザイン
ファン
ランキング
スタッフ
アップ
タイプ
レベル
プラン
ガイド
リスト
ショップ
ビジネス
サイズ
パソコン
プレゼント
アニメ
キャラ
クチコミ
ソフト
レストラン
ドラマ
マップ
ボタン
ゲスト
タイトル
カメラ
グルメ
クラブ
モデル
カテゴリ
ライブ
ファイル
バイト
スポット
ジャンル
ペット
メイン
ブック
アルバイト
ダイエット
バイク
コンテンツ
ゴルフ
クラス
オリジナル
プログラム
スタイル
トイレ
ホント
アイテム
ブランド
ビデオ
ライン
バランス
テスト
クリニック
アルバム
ショッピング
メディア
ワイン
スレッド
ベスト
プロジェクト
デジタル
グッズ
ブラウザ
オンライン
レシピ
ラジオ
ガラス
ヘルプ
レンタル
カフェ
エンジン
コンビニ
コチラ
ハウス
トラブル
チャンス
チケット
イラスト
ファッション
バンド
ヒット
カット
タイム
ライフ
ランチ
リスク
ロック
ピアノ
クリスマス
アドバイス
コスト
アドレス
ボランティア
ストレス
ジャンプ
プレイ
クリア
マガジン
コミュニティ
マスコミ
スキル
テキスト
プラス
リアル
モバイル
チラシ
タイミング
ライト
ドライブ
ベッド
コラム
キッチン
オフィス
シンプル
キャンプ
マンガ
タウン
パック
サイド
ギフト
キレイ
ランク
メルマガ
ピンク
インテリア
プラント
ブロック
サロン
レッスン
キャリア
アイドル
キャンセル
リング
バッグ
ダンス
オプション
セキュリティ
ウェブ
トマト
コミック
センチ
サイン
ショック
カップ
アイコン
ゲット
リサイクル
チャレンジ
メリット
マイナス
トンネル
サンプル
インプラント
ビックリ
カタログ
シングル
ボックス
オイル
タレント
マニュアル
ブラック
イオン
チョコ
ポスト
スタジオ
ロボット
カラオケ
スペシャル
サラダ
タイヤ
マウス
テニス
フォト
コレクション
レンズ
スキップ
メイド
オレンジ
アウト
ラスト
ビタミン
ダウン
ソフトウェア
ウェブサイト
リズム
ヒント
プリント
マシン
プレス
ユニット
パネル
エステ
オリンピック
ウイルス
タバコ
センス
タオル
アクション
イエス
ステップ
メンテナンス
ノウハウ
ボディ
シナリオ
パンツ
フロント
パチンコ
ヘッド
ガイドライン
ポケット
マッチ
カッコ
ホルモン
ホワイト
チャン
プロセス
チャンネル
アイデア
アイコ
テンション
クラシック
ダブル
フィルム
クロス
リクエスト
カップル
ランド
セリフ
ドラゴン
コピペ
エアコン
フェア
アイス
メガネ
クルマ
スイッチ
アレンジ
パスタ
トラベル
メイク
コンセプト
ドリンク
クイズ
アウトドア
ドキドキ
キャスト
デッキ
ピッタリ
キャンパス
マスク
ラップ
マラソン
ミルク
スタンド
ドレス
クリップ
ハンドル
デジカメ
カキコ
テント
テクニック
ドット
ジャズ
バトル
ヒロイン
ロング
ニコニコ
コンテスト
デスク
プラザ
フィギュア
シンポジウム
アンテナ
グラス
グランド
セブン
ジャケット
バイオ
レンジ
コンビ
レッド
タンク
ベルト
トピック
キット
リラックス
ガソリン
ソウル
チャット
シャツ
アカウント
リビング
ウィンドウ
ポジション
オヤジ
ステキ
メモリ
フライ
ディスク
マニア
ライセンス
バックアップ
グラフ
ミサイル
コンパクト
マルチ
ベンチ
サウンド
マネジメント
マット
ダイビング
ナイト
ショット
シティ
スッキリ
ライバル
プラスチック
アルミ
アンチ
バブル
マイク
ミネラル
パンフレット
チップ
シフト
キング
ツッコミ
サクラ
ピックアップ
オタク
ホット
インパクト
キャッシュ
ギリギリ
ワタシ
バナナ
プロレス
ランプ
エッセイ
キャベツ
ハンド
ビッグ
ワクワク
プレミアム
プリン
ギャグ
スコア
ナイフ
パイプ
マジック
シェア
イマイチ
ワクチン
インデックス
セッション
スライド
オシャレ
リボン
ランダム
タッチ
プラグ
オペラ
ストップ
ソング
パンチ
ストア
レモン
ラベル
エンジニア
カラダ
アナログ
ディスプレイ
イライラ
サプリメント
ペンション
トピックス
ビジョン
モダン
エキス
コイン
ススメ
ベテラン
ドメイン
アプリ
キャッチ
フォルダ
ナチュラル
キムチ
ファンド
ブッシュ
フロア
バンク
コマンド
セカンド
テラス
ラウンド
ミッション
シェフ
サイクル
イケメン
スタジアム
ダイヤ
ポンプ
ジュニア
ベランダ
チキン
ジェット
ドライ
マイクロ
バイキング
ホスト
キャップ
トレンド
ハイキング
ダイニング
サイエンス
キック
ボトル
リンゴ
フラッシュ
ドラム
トライ
ウェア
チャンピオン
アタシ
マグロ
シンボル
リハビリ
メロン
クライアント
ハッキリ
ジャム
ジャック
ロケット
スタンプ
イルカ
スキン
クエスト
マイル
セレクト
オイラ
スカイ
カウント
キラキラ
ラッシュ
エンディング
ストック
レイアウト
テンポ
カルシウム
インチ
クレジット
リフト
カエル
ナイス
パッド
ドットコム
ネタバレ
プライド
タイル
ウェイ
ズボン
カタカナ
イレブン
チョット
ヤバイ
ツイン
ドラッグ
イチゴ
イタリアン
コスプレ
ライヴ
ロマン
ステンレス
パノラマ
アナタ
バレエ
カメラマン
ヘルスケア
ウィルス
ダイヤモンド
フレンチ
ワイド
パイロット
リセット
リフレッシュ
キノコ
バトン
スゴイ
ダッシュ
ノイズ
ラインナップ
メカニズム
カンタン
ウサギ
ストラップ
ポップ
ガイドブック
ペットボトル
イスラム
ビット
スパイ
ガンガン
インフラ
フィット
ブライダル
サンタ
カワイイ
デバイス
アンタ
シニア
ジャン
フラット
スクリプト
ヤクザ
コラボ
リットル
ボルト
グラウンド
コンタクト
コスメ
マクロ
インク
ピンチ
バラバラ
フォン
バイパス
カラス
エントリ
フォント
ネズミ
トランス
ドロップ
パンダ
フェイス
ギャップ
ミックス
バッチリ
ハガキ
ウォレット
オブジェクト
メタル
パニック
ボクシング
ブラシ
バット
ライオン
ストレッチ
カプセル
クラフト
ブレンド
アクセント
ポット
カジュアル
クッション
エンド
クイック
サミット
スペック
アンプ
ピアス
ウッド
ヘルス
グラビア
キチガイ
ケンカ
フライパン
ボロボロ
サンド
チョン
バラエティ
カクテル
アタック
ギルド
アマチュア
マリン
ブックス
ブラウン
メロディ
コイツ
スイカ
グラフィック
リストラ
テンプ
セルフ
レトロ
アクティブ
サウナ
コップ
ウエスト
カリキュラム
キャプテン
アイディア
ピッチ
スタンス
ランニング
スカウト
ブリッジ
チェンジ
カスタマイズ
ボイス
ココロ
メダル
グラム
リンパ
ゲレンデ
グランプリ
スマイル
キツイ
ホタル
カリスマ
デスクトップ
キッズ
オッサン
ライス
フレッシュ
クオリティ
アダルト
メンズ
ゴメン
アタリ
サムネイル
アナウンス
プラグイン
ロッド
フライト
アメリカン
パズル
シルク
ベット
コスモス
ラック
パッチ
ワゴン
マニフェスト
アパレル
フック
カルト
カラフル
スロット
ドキュメント
ソファ
カスタム
ダンナ
ワタクシ
クリスタル
ニンニク
スパイス
ニキビ
ウルトラ
バリバリ
アトリエ
コンテナ
アップル
パクリ
プリンタ
バタバタ
アクセル
ファイナル
セレブ
ハイブリッド
ヤフオク
シルエット
スティック
ラウンジ
チョイス
ネクタイ
プライス
ライトアップ
バスト
スリム
デフォルト
スパム
ウエディング
ジャガイモ
デメリット
ウェディング
ドリル
トランク
メトロ
コロッケ
ティッシュ
モラル
ペンギン
リモコン
ネックレス
プラチナ
ヘルメット
スポンジ
ギャル
ゴキブリ
シネマ
パンク
メッシュ
スズキ
スイング
セッティング
レンガ
ワンコ
ヴァイオリン
フラグ
スナック
フィルタ
プレミア
メンテ
ドック
スケッチ
カトリック
アロマ
ゴロゴロ
ウナギ
ギャンブル
バスケット
カバン
ジャンボ
オマエ
サングラス
ブレイク
インフレ
ラッピング
キャンドル
ブドウ
アナリスト
ミシン
ウンコ
ネック
ピット
クッキング
リップ
リメイク
リッチ
リベンジ
ウォン
グリップ
ハァハァ
エプロン
シリコン
ビジュアル
コント
ウインドウ
ヘタレ
トラバ
マニアック
トンボ
カオス
トリック
ハヤテ
トラウマ
テナント
サプライズ
エイズ
アイツ
キリン
コンボ
バルブ
デフレ
アンパン
ハズレ
サプリ
ヤング
ディレクトリ
アシスタント
シャトル
サイクリング
ミドル
キャラメル
ダイジェスト
バスケ
エロゲ
プレゼン
サンダル
スライス
ツツジ
トッピング
クラウド
エクスプレス
チタン
サクサク
コンペ
デカイ
ハンカチ
セクハラ
ダラダラ
マインド
チャリ
ダイレクト
ニュアンス
ポルノ
マジレス
ロット
グッド
ニヤニヤ
ダイナミック
ロイヤル
ソナタ
ミント
ポテト
カタチ
トライアル
キャッシング
エッセンス
ファイト
タックル
コメディ
コミックス
ピアニスト
メソッド
ポチッ
プラズマ
キモイ
コミケ
ドレッシング
エンタメ
イチオシ
ドラクエ
メタボ
バケツ
モニタ
アクリル
ダイヤル
サヨナラ
ニット
コントラスト
マックス
オリックス
ドラフト
ノベル
リウマチ
スキャン
アルゴリズム
ショウ
クジラ
ヒップ
ビジネスマン
レタス
エンジェル
パワフル
ヘアサロン
ダンジョン
ハイテク
スタミナ
コシヒカリ
ツンデレ
メディカル
マタニティ
フェンス
ゲリラ
ベクトル
ニオイ
テロリスト
オアシス
フレンド
マッチング
アングル
ワックス
アンサンブル
ペイント
サンクス
アウトレット
ネイル
アジサイ
ネガティブ
ヨット
ナトリウム
ヨロシク
コットン
メッキ
シンクロ
ログアウト
サムライ
サンドイッチ
セメント
フィクション
サンゴ
アシスト
キュウリ
カイロ
ジャングル
トラップ
モノクロ
パンフ
ドンドン
テクノ
トリオ
ノック
ステロイド
トレッキング
ウィキ
テイスト
テック
コイル
イジメ
カラメル
コツコツ
スクエア
ウザイ
ポジティブ
エッジ
プリンセス
マスゴミ
エリカ
キティ
ピラミッド
オウム
スリップ
ウラン
シャフト
スピン
オフィシャル
ポンド
オマケ
エルフ
レントゲン
ヘルニア
レディ
カルテ
ゾンビ
ペダル
シグナル
サントラ
セレクション
シェル
サスペンス
ペンダント
チェア
エクササイズ
チック
ミステリ
カツオ
カジノ
リュウ
パケット
シリアス
インスタント
ズバリ
コンセント
アイロン
アルカリ
バニラ
コロコロ
ファミレス
パラダイス
プロバイダ
マスコット
グリル
オブジェ
ライブラリ
セクション
スプリング
チャイルド
ホタテ
ストライク
パジャマ
ガラガラ
タッグ
スバル
センサ
アスファルト
ステレオ
ウロウロ
カボチャ
スタメン
ピカピカ
バイオリン
パット
サックス
ハイビジョン
パブリック
ガッカリ
ピント
スタイリスト
ドライバ
アイアン
ココア
フェスタ
ミカン
シオン
ディフェンス
ボウル
プリンス
クラッチ
タスク
マウント
コック
パチスロ
インフル
トリップ
リュック
リトル
セラミック
メバル
ネイティブ
チェロ
ジョギング
フィル
ゲゲゲ
コミュ
クリスチャン
イキイキ
スナップ
ジャンク
セント
ナイロン
テクニカル
クラウン
ニンジン
シック
フラフラ
ペニス
オカルト
ロマンス
オトナ
ハングル
パレス
バンバン
インチキ
トリプル
ジェイ
クック
トウモロコシ
ポリス
ナショナル
リアクション
カッパ
ウエア
シャンパン
サラサラ
プッシュ
エレガント
ジョイント
パレット
キチン
メモリアル
ハプニング
ポリエステル
アスベスト
オムツ
サッシ
ラブラブ
パルス
アサヒ
ザック
ハウジング
ハサミ
クロック
ジンギスカン
パイオニア
ビキニ
ピストン
ピュア
デニム
ミラクル
ダイオキシン
ワイワイ
スリッパ
リニア
チカラ
ワンマン
フラン
フォルム
マント
アルミニウム
モザイク
オゾン
ファミコン
エアロ
リアリティ
コトバ
ホコリ
シャン
タマネギ
ファックス
ブレスレット
ソックス
メダカ
シリアル
フットサル
ヒアリング
メッセ
スカイライン
フェス
レフト
ネクスト
マダム
フランク
ラテン
ポップス
バッファ
セントラル
アスパラ
アトム
プライム
スパイク
レスポンス
タップ
カップリング
ハンドメイド
コンロ
オムライス
トルク
ヒラメ
キツネ
カセット
バッティング
ルックス
タンス
ダントツ
ホップ
ハロウィン
ゴリラ
アジアン
ナット
ファイナンス
ギタリスト
ハイライト
ツバメ
ノルマ
プランニング
ジャイアンツ
エイト
プロフ
サッパリ
アタマ
ウォッチ
バッチ
モデム
ハラハラ
タイアップ
メンタル
アルト
カカシ
シフォン
スキャンダル
ドタバタ
アリア
ライフル
ブランク
ハチミツ
クラッシュ
カレッジ
ドリブル
ジョブ
ヒアルロン
オンエア
オトコ
ツルツル
サンマ
エクステリア
ソムリエ
ヘアスタイル
パラパラ
モニタリング
ミクロ
ユニオン
エメラルド
ジャスト
パフェ
ドロドロ
ボンド
ウェルネス
ウレタン
フロンティア
チョウ
カレイ
イノシシ
ババア
サツマイモ
ワイルド
オオカミ
サバイバル
フェニックス
コタツ
トランプ
タイツ
メンツ
トリミング
エキサイト
グルグル
イワシ
ラケット
ワルツ
マグネシウム
ラスボス
セットアップ
デッド
スパイラル
ダウンタウン
フィニッシュ
ガタガタ
ボウリング
プリウス
エディタ
パロディ
ロビン
ヒノキ
ディス
ロマンチック
ワカメ
ソフトウエア
スワップ
インタレスト
グダグダ
ガンバ
クスリ
ラクラク
オルガン
カブトムシ
ボコボコ
パンパン
アヒル
ラット
ミナミ
カステラ
ナッツ
チャネル
トレイン
ゲノム
シロップ
カリカリ
キッド
ギャラ
タマゴ
リサイタル
バレバレ
マズイ
フィン
リバウンド
ノリノリ
ウイング
ベンツ
エフェクト
グレイ
ノズル
コスモ
レッズ
コネクタ
ニヤリ
メリハリ
ヒミツ
テイクアウト
ロッジ
バックス
エライ
ジェル
サイコロ
ランチタイム
スリル
ジャケ
ポテンシャル
ペンキ
サイレン
エスニック
コショウ
オモチャ
アンド
デッサン
ガッツリ
キャンディ
ゴンドラ
ブラウス
カノン
デラックス
カリウム
ハワイアン
ロジック
ダスト
タンポポ
クランク
プロダクト
グラタン
ミニチュア
マッピング
デュオ
フェルト
チャック
タヌキ
ハンドブック
パイナップル
ブランコ
キャノン
オフセット
アワビ
セグメント
チワワ
フェチ
トランペット
イチョウ
ウキウキ
ペナルティ
バイブル
ピクニック
ルック
ハッチ
カルビ
エントランス
トレイ
ハンディ
マトモ
コンサル
アダプタ
フィッシング
サボテン
マロン
インスリン
タルト
チョイ
インディアン
ガマン
メチャクチャ
マグネット
バッジ
ピック
ガッツ
ムック
プログラマ
ジャッジ
ダイブ
クワガタ
ポカポカ
ガイダンス
ショコラ
エクステ
ウロコ
アクシデント
イタズラ
ホンマ
ピンポイント
メアド
ゼネコン
リスニング
ソフィア
プロトコル
スタイリング
イロイロ
ダブルス
ススキ
ヘッドホン
バレル
スペクトル
ミミズ
トロッコ
ワンタッチ
ウワサ
クラスメイト
パイン
オンナ
ガリガリ
シンク
ライム
スパン
シロアリ
ヤマメ
デルタ
チャペル
タンゴ
パチリ
キュン
マイルド
バドミントン
スズメ
アサリ
ブラインド
プロット
レッテル
ミツバチ
エステル
マウンド
ハット
バイオマス
ランドセル
ワイヤレス
レトルト
クレア
マフィア
ブレス
エレキ
ミイラ
キライ
プラモデル
ピエロ
シビア
キッカケ
イワナ
ヒカリ
パセリ
ナイン
バント
イントロ
サンプリング
リチウム
サテライト
ハンパ
ニャン
オクラ
マスト
スタブ
トコロ
ウンチ
ジジイ
カウンタ
レスリング
エロス
キルト
ワンピ
キャロル
アイリス
ラッセル
テロップ
スペル
チャイム
アドリブ
ボトム
コロン
セラピスト
コンデンサ
アイドリング
マドンナ
スクラップ
トンデモ
チンピラ
ソメイヨシノ
クラゲ
タケノコ
ハンデ
ジャスミン
トカゲ
ブツブツ
デトックス
ストッキング
プロパティ
リタイア
ウコン
デフォ
ポインタ
キャンバス
クリティカル
ニッケル
パラレル
スラム
バジル
コンパイル
キッチリ
アニキ
エキストラ
ニワトリ
ゲルマニウム
フラメンコ
アロエ
ゴハン
マグマ
ストライプ
プロペラ
リリカル
シャレ
グリッド
イクラ
マトリックス
ママン
ストライキ
スイミング
ハナシ
レンゲ
パステル
トラスト
メルヘン
カツラ
マジメ
エッグ
ダイス
モンブラン
ベタベタ
ハッスル
チラッ
ゴシック
トレイル
ナンセンス
マダイ
キャバ
カヤック
スリット
オピニオン
ワガママ
バッタ
クライミング
バリア
ヘッドライト
タイト
ケヤキ
ワンセグ
ウエイト
インコ
バッシング
カンナ
オカマ
コミカル
オムレツ
モニュメント
バロック
ヘッダ
ホムペ
ウェット
ギュッ
ジレンマ
ブラブラ
コアラ
ハイツ
エイリアン
ケチャップ
サクッ
ギャング
キャバクラ
カブト
スタディ
レプリカ
ホステス
ブランチ
ルネサンス
シナモン
クルクル
ショウガ
タロット
チルドレン
ウクレレ
コンプ
ラッパ
サザエ
アメニティ
アセスメント
ジャンケン
レット
セダン
ボチボチ
キャラバン
フレア
マッハ
フワフワ
ロハス
モヤモヤ
セロリ
ポンポン
サドル
スライム
ポツポツ
クロム
バツグン
ラノベ
ソケット
ウルフ
スピリット
バイバイ
イヤホン
クエン
スミレ
ロスト
ボンネット
アニソン
イニシャル
テトラ
ザリガニ
フリマ
ピッチング
フィットネス
ネオン
タップリ
サタン
フライング
サンバ
サンシャイン
クレイ
リネン
サブタイトル
ツライ
スパゲティ
サファリ
エンジョイ
ココナッツ
ソニック
ラジコン
マイコン
タブレット
オムニバス
スランプ
シャイ
スタック
コンパニオン
ボイル
キリシタン
ビンゴ
ダクト
モデリング
オリエンタル
センセ
ナプキン
ブラッド
アクア
ヘッジ
リプレイ
ブルマ
デタラメ
テレカ
アンモニア
フリル
コウモリ
プロセッサ
ポツリ
プラモ
キャラクタ
イタイ
コルク
ニコチン
パルプ
カンパ
アンバランス
ステッチ
モンハン
メダリスト
スタンバイ
デュアル
トホホ
ミニバン
ウィル
インプット
ボランチ
ハンコ
バイブ
ソプラノ
ピクセル
ウミガメ
フレグランス
マウンテン
リムジン
ブラッシング
フェロモン
ハンサム
センタ
ジオン
ドリフト
バロン
スクランブル
マスタ
チェス
クラリネット
キャディ
ベアリング
ダビング
ユニセフ
コンパス
マットレス
モノマネ
カタクリ
フラッグ
ミドリ
イニング
クラック
スキャナ
マンモス
シャボン
インテリ
クレンジング
グラブ
キウイ
モルタル
タック
メッチャ
バッテリ
アイゼン
ノエル
ヒマワリ
キボンヌ
ゲストハウス
リベラル
カフェイン
ダイアログ
ワッフル
シゴト
ボンボン
ビュッフェ
ラインアップ
ランタン
アザラシ
セラミックス
フクロウ
ハシゴ
トランジスタ
ヒドイ
タンパク
ツバキ
ガンプラ
マッチョ
リンチ
プロテイン
ファイア
ワカサギ
コンパ
コンテ
アッシュ
シングルス
キッス
アツアツ
アソコ
ケイコ
デュエット
ハイランド
インキ
ホンモノ
ハイウェイ
ピストル
ミスト
ハマリ
オッズ
エンブレム
タミフル
メチャ
ダンプ
チャラ
ファイブ
ルネッサンス
サブプライム
ダンゴ
ミセス
メロメロ
オッパイ
イタチ
ダルマ
ウマイ
マスカラ
ダライ
ガスト
キックオフ
トリビア
ケミカル
センセイ
モンク
ゼラチン
エッチング
スラブ
カイト
オシッコ
サリン
ステアリング
エナメル
ポエム
コンスタント
ラムネ
エディション
ケット
キャンピング
レッツ
スリリング
クラン
カモメ
ステイ
ビスケット
ハロゲン
オフライン
ディスコ
スクウェア
プンプン
スパゲッティ
プリプリ
バクテリア
グロス
コレクト
メジロ
エデン
メイキング
ホイホイ
イカン
パシフィック
ボトックス
アリバイ
ハイハイ
クロウ
ブティック
スルメ
スケルトン
キモチ
スワン
ユナイテッド
ゴボウ
トナカイ
ワサビ
コワイ
ホルン
コバルト
メンマ
ガッチリ
アルペン
ロウソク
サファイア
ウインド
プランクトン
チャリティ
ショッキング
ヒョウ
バカンス
プロファイル
キラリ
カワハギ
ヲタク
ピンポン
エスプレッソ
スイスイ
パティシエ
ニッコリ
ブックレット
メンバ
プロパガンダ
スコップ
ドラマチック
パンティ
ハング
ダジャレ
バイアス
シンポ
パイプライン
スカッ
コンサ
グリス
カラクリ
バルク
トントン
エレメント
サプライ
リンス
リスペクト
レゲエ
アジト
ゴッド
スパッツ
チラホラ
アトラス
アスパラガス
アフロ
シェイプ
ウィッグ
ミンス
ホンネ
プルトニウム
ペラペラ
ブッダ
モテモテ
パプリカ
コンソメ
ガチガチ
コロナ
トロイ
カワセミ
モチモチ
ラブコメ
レディス
パチパチ
トンカツ
ワキガ
リゾット
ワイヤ
ミンチ
スタン
ブロンズ
ゲンダイ
エコノミスト
アロハ
マリネ
ノンストップ
デイトレ
ヘッドフォン
アボカド
ハイビスカス
クレヨン
マシンガン
ダイナマイト
アオリイカ
サクセス
ワット
ガツン
クルミ
イサキ
ピリピリ
サンライズ
カルマ
フェイズ
カカオ
メイル
トロトロ
レジュメ
プリズム
ニッチ
モグラ
イッパイ
ヒップホップ
プリクラ
カラム
ノット
サイレント
アウェイ
デリバティブ
パイル
ファントム
スロットル
ボンベ
キャピタル
ペルソナ
キリッ
スプレッド
ズルズル
ペプチド
パリパリ
ウグイス
フレキシブル
タンニン
カント
コンクリ
チャクラ
シイタケ
バウンド
ミリオン
リオン
ファシズム
カッティング
ファイバ
キャビネット
コウノトリ
バタフライ
ヘッドライン
バルサ
ペリカン
エンタ
ダチョウ
サクランボ
ハンダ
シッカリ
クロワッサン
ズラリ
ビビリ
ヘルペス
フェレット
レンコン
ワイシャツ
サラッ
マイクロバス
ビクビク
スペア
ディジタル
プレステ
インスト
タカラ
マカロン
レセプション
ニャンコ
エンゼル
バルト
ハイク
バンザイ
クラブハウス
ポッポ
センバツ
ネスト
ラクダ
デバッグ
ダイコン
シジミ
フォア
ペレット
ギミック
プレハブ
サイクロン
ブンブン
シャンソン
ガジェット
アウトプット
パッション
ルンルン
マヌケ
スプリント
アナゴ
カマキリ
アニマル
アグリ
アドバンス
グルコサミン
キャブ
パラダイム
ポリエチレン
コンニャク
レジスタ
スカスカ
コブラ
ウィンド
メイト
シャクナゲ
サビキ
クラシカル
シャム
レバレッジ
ドングリ
クスクス
タイムラグ
ティア
マネキン
ライティング